....................FFF................................................. [ 22%]
........................................................................ [ 44%]
........................................................................ [ 67%]
........................................................................ [ 89%]
.................................                                        [100%]
=================================== FAILURES ===================================
_____ TestPrintCriterionPanelDomainNotes.test_domain_notes_shown_in_panel ______
tests/test_RQMD_interactive_018.py:40: in test_domain_notes_shown_in_panel
    output = _capture_panel(domain_file, requirement, tmp_path)
             ^^^^^^^^^^^^^^^^^^^^^^^^^^^^^^^^^^^^^^^^^^^^^^^^^^
tests/test_RQMD_interactive_018.py:17: in _capture_panel
    with patch("src.rqmd.status_update.click.echo", side_effect=fake_echo):
/opt/homebrew/Cellar/python@3.11/3.11.8/Frameworks/Python.framework/Versions/3.11/lib/python3.11/unittest/mock.py:1427: in __enter__
    self.target = self.getter()
                  ^^^^^^^^^^^^^
/opt/homebrew/Cellar/python@3.11/3.11.8/Frameworks/Python.framework/Versions/3.11/lib/python3.11/pkgutil.py:700: in resolve_name
    mod = importlib.import_module(modname)
          ^^^^^^^^^^^^^^^^^^^^^^^^^^^^^^^^
/opt/homebrew/Cellar/python@3.11/3.11.8/Frameworks/Python.framework/Versions/3.11/lib/python3.11/importlib/__init__.py:126: in import_module
    return _bootstrap._gcd_import(name[level:], package, level)
           ^^^^^^^^^^^^^^^^^^^^^^^^^^^^^^^^^^^^^^^^^^^^^^^^^^^^
<frozen importlib._bootstrap>:1204: in _gcd_import
    ???
<frozen importlib._bootstrap>:1176: in _find_and_load
    ???
<frozen importlib._bootstrap>:1140: in _find_and_load_unlocked
    ???
E   ModuleNotFoundError: No module named 'src'
___ TestPrintCriterionPanelDomainNotes.test_no_domain_notes_when_body_empty ____
tests/test_RQMD_interactive_018.py:57: in test_no_domain_notes_when_body_empty
    output = _capture_panel(domain_file, requirement, tmp_path)
             ^^^^^^^^^^^^^^^^^^^^^^^^^^^^^^^^^^^^^^^^^^^^^^^^^^
tests/test_RQMD_interactive_018.py:17: in _capture_panel
    with patch("src.rqmd.status_update.click.echo", side_effect=fake_echo):
/opt/homebrew/Cellar/python@3.11/3.11.8/Frameworks/Python.framework/Versions/3.11/lib/python3.11/unittest/mock.py:1427: in __enter__
    self.target = self.getter()
                  ^^^^^^^^^^^^^
/opt/homebrew/Cellar/python@3.11/3.11.8/Frameworks/Python.framework/Versions/3.11/lib/python3.11/pkgutil.py:700: in resolve_name
    mod = importlib.import_module(modname)
          ^^^^^^^^^^^^^^^^^^^^^^^^^^^^^^^^
/opt/homebrew/Cellar/python@3.11/3.11.8/Frameworks/Python.framework/Versions/3.11/lib/python3.11/importlib/__init__.py:126: in import_module
    return _bootstrap._gcd_import(name[level:], package, level)
           ^^^^^^^^^^^^^^^^^^^^^^^^^^^^^^^^^^^^^^^^^^^^^^^^^^^^
<frozen importlib._bootstrap>:1204: in _gcd_import
    ???
<frozen importlib._bootstrap>:1176: in _find_and_load
    ???
<frozen importlib._bootstrap>:1140: in _find_and_load_unlocked
    ???
E   ModuleNotFoundError: No module named 'src'
__ TestPrintCriterionPanelDomainNotes.test_domain_notes_truncated_at_3_lines ___
tests/test_RQMD_interactive_018.py:78: in test_domain_notes_truncated_at_3_lines
    output = _capture_panel(domain_file, requirement, tmp_path)
             ^^^^^^^^^^^^^^^^^^^^^^^^^^^^^^^^^^^^^^^^^^^^^^^^^^
tests/test_RQMD_interactive_018.py:17: in _capture_panel
    with patch("src.rqmd.status_update.click.echo", side_effect=fake_echo):
/opt/homebrew/Cellar/python@3.11/3.11.8/Frameworks/Python.framework/Versions/3.11/lib/python3.11/unittest/mock.py:1427: in __enter__
    self.target = self.getter()
                  ^^^^^^^^^^^^^
/opt/homebrew/Cellar/python@3.11/3.11.8/Frameworks/Python.framework/Versions/3.11/lib/python3.11/pkgutil.py:700: in resolve_name
    mod = importlib.import_module(modname)
          ^^^^^^^^^^^^^^^^^^^^^^^^^^^^^^^^
/opt/homebrew/Cellar/python@3.11/3.11.8/Frameworks/Python.framework/Versions/3.11/lib/python3.11/importlib/__init__.py:126: in import_module
    return _bootstrap._gcd_import(name[level:], package, level)
           ^^^^^^^^^^^^^^^^^^^^^^^^^^^^^^^^^^^^^^^^^^^^^^^^^^^^
<frozen importlib._bootstrap>:1204: in _gcd_import
    ???
<frozen importlib._bootstrap>:1176: in _find_and_load
    ???
<frozen importlib._bootstrap>:1140: in _find_and_load_unlocked
    ???
E   ModuleNotFoundError: No module named 'src'
=========================== short test summary info ============================
FAILED tests/test_RQMD_interactive_018.py::TestPrintCriterionPanelDomainNotes::test_domain_notes_shown_in_panel
FAILED tests/test_RQMD_interactive_018.py::TestPrintCriterionPanelDomainNotes::test_no_domain_notes_when_body_empty
FAILED tests/test_RQMD_interactive_018.py::TestPrintCriterionPanelDomainNotes::test_domain_notes_truncated_at_3_lines
3 failed, 318 passed in 2.49s
